<html>
<body>
<pre>
<h1>µVision Build Log</h1>
<h2>Tool Versions:</h2>
IDE-Version: µVision V5.21.1.0
Copyright (C) 2016 ARM Ltd and ARM Germany GmbH. All rights reserved.
License Information: Thao ADMIN, PTIT, LIC=----
 
Tool Versions:
Toolchain:       MDK-Lite  Version: 5.21a
Toolchain Path:  D:\KeiclV5\ARM\ARMCC\Bin
C Compiler:      Armcc.exe V5.06 update 3 (build 300)
Assembler:       Armasm.exe V5.06 update 3 (build 300)
Linker/Locator:  ArmLink.exe V5.06 update 3 (build 300)
Library Manager: ArmAr.exe V5.06 update 3 (build 300)
Hex Converter:   FromElf.exe V5.06 update 3 (build 300)
CPU DLL:         SARMCM3.DLL V5.21a
Dialog DLL:      DCM.DLL V1.13.8.0
Target DLL:      UL2CM3.DLL V1.158.5.0
Dialog DLL:      TCM.DLL V1.14.14.0
 
<h2>Project:</h2>
D:\20211017_NhomVXL_Discord\20211021_Bai2_LCD\Project\Bai1_GPIO.uvprojx
Project File Date:  10/21/2021

<h2>Output:</h2>
*** Using Compiler 'V5.06 update 3 (build 300)', folder: 'D:\KeiclV5\ARM\ARMCC\Bin'
Build target 'LCD'
compiling main.c...
..\User\main.c(50): warning:  #188-D: enumerated type mixed with another type
  	GPIO_WriteBit(
PIOB, 
CD_D4, data & 0x01);
..\User\main.c(51): warning:  #188-D: enumerated type mixed with another type
  	GPIO_WriteBit(
PIOB, 
CD_D5, (data >> 1) & 1);
..\User\main.c(52): warning:  #188-D: enumerated type mixed with another type
  	GPIO_WriteBit(
PIOB, 
CD_D6, (data >> 2) & 1);
..\User\main.c(53): warning:  #188-D: enumerated type mixed with another type
  	GPIO_WriteBit(
PIOB, 
CD_D7, (data >> 3) & 1);
..\User\main.c(65): warning:  #188-D: enumerated type mixed with another type
  	GPIO_WriteBit(
PIOB, 
CD_RS, 0);
..\User\main.c(66): warning:  #188-D: enumerated type mixed with another type
  	GPIO_WriteBit(
PIOB, 
CD_RW, 0);
..\User\main.c(94): warning:  #188-D: enumerated type mixed with another type
  	GPIO_WriteBit(
PIOB, 
CD_RS, 1);
..\User\main.c(96): warning:  #188-D: enumerated type mixed with another type
  	GPIO_WriteBit(
PIOB, 
CD_RS, 0);
..\User\main.c(111): warning:  #1-D: last line of file ends without a newline
  }
..\User\main.c: 9 warnings, 0 errors
linking...
Program Size: Code=1496 RO-data=252 RW-data=0 ZI-data=1632  
FromELF: creating hex file...
".\Objects\Project_LedDon.axf" - 0 Error(s), 9 Warning(s).

<h2>Software Packages used:</h2>

Package Vendor: ARM
                http://www.keil.com/pack/ARM.CMSIS.4.5.0.pack
                ARM::CMSIS:CORE:4.3.0
                CMSIS (Cortex Microcontroller Software Interface Standard)
   * Component: CORE Version: 4.3.0

Package Vendor: Keil
                http://www.keil.com/pack/Keil.STM32F1xx_DFP.2.1.0.pack
                Keil::Device:Startup:1.0.0
                STMicroelectronics STM32F1 Series Device Support, Drivers and Examples
   * Component: Startup Version: 1.0.0

<h2>Collection of Component include folders:</h2>
  D:\20211017_NhomVXL_Discord\20211021_Bai2_LCD\Project\RTE
  D:\20211017_NhomVXL_Discord\20211021_Bai2_LCD\Project\RTE\Device\STM32F103C8
  D:\KeiclV5\ARM\CMSIS\4.5.0\CMSIS\Include
  D:\KeiclV5\Keil\STM32F1xx_DFP\2.1.0\Device\Include

<h2>Collection of Component Files used:</h2>

   * Component: ARM::CMSIS:CORE:4.3.0

   * Component: Keil::Device:Startup:1.0.0
      Source file:   Device\Source\ARM\STM32F1xx_OPT.s
      Source file:   Device\Source\system_stm32f10x.c
      Include file:  RTE_Driver\Config\RTE_Device.h
      Source file:   Device\Source\ARM\startup_stm32f10x_md.s
Build Time Elapsed:  00:00:04
</pre>
</body>
</html>
